---
source: crates/tui/src/view_tests.rs
expression: screen(&app)
---
▣ completed
                                                   prompt 5
▣ completed
                                                   prompt 6
▣ completed
                                                   prompt 7
▣ completed
                                                   prompt 8
▣ completed
                                                   prompt 9
                    ↓ New messages below
>
