---
source: crates/tui/src/view_tests.rs
expression: screen(&app)
---







                                                         hi
                                                       00:00
↳ use the parser                                           ✕
▸ and test it                                              ✕
> and test it
