---
source: crates/tui/src/model_picker_view_tests.rs
assertion_line: 182
expression: "screen(&app, 80, 24)"
---
Models                                                                         ✕
Type to search █
↻ refresh
acme
m1 · deep, review   low [high]
m2
zeta
z1   [low]
z2 · chat   low [high]














↑↓ move · ←→ levels · enter choose · tab all · ctrl+s session · ctrl+r refresh ·
