---
source: crates/tui/src/view_tests.rs
expression: screen(&app)
---


                  ▄▄▄▄▄▄▄▄▄▄▄▄▄▄▄▄▄▄▄▄▄▄▄▄▄▄▄▄▄▄▄▄▄▄▄▄▄▄▄▄▄
                   wwwwwwwwwwwwwwwwwwwwwwwwwwwwwwwwwwwwww ▐
                   wwwwwwwwwwwwwwwwwwwwwwwwwwwwwwwwwwwwww ▐
                   wwwwwwwwwwwwwwwwwwwwwwwwwwwwwwwwwwwwww ▐
                   wwwwwwwwwwwwwwwwwwwwwwwwwwwwwwwwwwww   ▐
                  ▀▀▀▀▀▀▀▀▀▀▀▀▀▀▀▀▀▀▀▀▀▀▀▀▀▀▀▀▀▀▀▀▀▀▀▀▀▀▀▀▀
                                                      00:00
▄▄▄▄▄▄▄▄▄▄▄▄▄▄▄▄▄▄▄▄▄▄▄▄▄▄▄▄▄▄▄▄▄▄▄▄▄▄▄▄▄▄▄▄▄▄▄▄▄▄▄▄▄▄▄▄▄▄▄▄
>
▀▀▀▀▀▀▀▀▀▀▀▀▀▀▀▀▀▀▀▀▀▀▀▀▀▀▀▀▀▀▀▀▀▀▀▀▀▀▀▀▀▀▀▀▀▀▀▀▀▀▀▀▀▀▀▀▀▀▀▀
