---
source: crates/tui/src/view_tests.rs
expression: after
---
                                    Notice 3.              ✕
                                    Notice 2.              ✕
▣ completed                         Notice 1.              ✕
                                    +1 more
                                                       00:00
▣ completed
                                                   prompt 4
                                                       00:00
▣ completed
▄▄▄▄▄▄▄▄▄▄▄▄▄▄▄▄▄▄▄▄▄▄▄▄▄▄▄▄▄▄▄▄▄▄▄▄▄▄▄▄▄▄▄▄▄▄▄▄▄▄▄▄▄▄▄▄▄▄▄▄
>
▀▀▀▀▀▀▀▀▀▀▀▀▀▀▀▀▀▀▀▀▀▀▀▀▀▀▀▀▀▀▀▀▀▀▀▀▀▀▀▀▀▀▀▀▀▀▀▀▀▀▀▀▀▀▀▀▀▀▀▀
