---
source: crates/tui/src/model_picker_view_tests.rs
assertion_line: 313
expression: text
---
Models                                                                         ✕
                    ▄▄▄▄▄▄▄▄▄▄▄▄▄▄▄▄▄▄▄▄▄▄▄▄▄▄▄▄▄▄▄▄▄▄▄▄▄▄▄▄

                      4 models               ⟳ refresh all
                      acme
                      › [x] m1 [deep] [review]
                        [ ] m2

                      zeta
                        [ ] z1
                        [x] z2 [chat]

                      Space mark · Enter save · Esc back

                    ▀▀▀▀▀▀▀▀▀▀▀▀▀▀▀▀▀▀▀▀▀▀▀▀▀▀▀▀▀▀▀▀▀▀▀▀▀▀▀▀
