---
source: crates/tui/src/home_view_tests.rs
assertion_line: 551
expression: "screen(&app, 80, 24)"
---



                     ▀▄ █▀▀▀▀ ▀▀█▀▀ █▀▀█  █▀▀▀▀ █▀▀▀▄
                     ▀▄ █▄▄▄    █   █▀▀█  ████  █▄▄▄▀
                     ▀▄ █       █   ████  █▀▀▀▀ █ ▀▄
                     ▀▄ █     ▄▄█▄▄ █▀▀█  █▄▄▄▄ █   █ 0.0.1
                    ▄▄▄▄▄▄▄▄▄▄▄▄▄▄▄▄▄▄▄▄▄▄▄▄▄▄▄▄▄▄▄▄▄▄▄▄▄▄▄▄
▄▄▄▄▄▄▄▄▄▄▄▄▄▄▄▄▄▄▄▄                                        ▄▄▄▄▄▄▄▄▄▄▄▄▄▄▄▄▄▄▄▄
› █? for shortcuts    Workspaces

                      › /w
[w]  [no model]  [th
▀▀▀▀▀▀▀▀▀▀▀▀▀▀▀▀▀▀▀▀  ↑↓ move · enter open · esc closes     ▀▀▀▀▀▀▀▀▀▀▀▀▀▀▀▀▀▀▀▀
●  fix the parser                                                              ✕
                    ▀▀▀▀▀▀▀▀▀▀▀▀▀▀▀▀▀▀▀▀▀▀▀▀▀▀▀▀▀▀▀▀▀▀▀▀▀▀▀▀







           ↓ the session list · F1 the key map · Ctrl+C twice to quit
