---
source: crates/tui/src/view_tests.rs
expression: after
---
                                    Notice 3.              ✕
                                    Notice 2.              ✕
                                    Notice 1.              ✕
                                    +1 more
▣ completed
                                                   prompt 2
▣ completed
                                                   prompt 3
▣ completed
                                                   prompt 4
▣ completed
>
