---
source: crates/tui/src/view_tests.rs
expression: screen(&app)
---

                                                      ▄▄▄▄▄
                                                       hi ▐
                                                      ▀▀▀▀▀
                                                      00:00
  • Steering, joins the turn at the next step
  ↳ use the parser  ✕
  ▸ and test it  ✕
  ⌥↑ edit · ⌥↓ next · ⌥X drop · click a row to edit, ✕ to dr
▄▄▄▄▄▄▄▄▄▄▄▄▄▄▄▄▄▄▄▄▄▄▄▄▄▄▄▄▄▄▄▄▄▄▄▄▄▄▄▄▄▄▄▄▄▄▄▄▄▄▄▄▄▄▄▄▄▄▄▄
▌ › and test it█ message · Enter amends · ⌥X drops · Esc sto
▀▀▀▀▀▀▀▀▀▀▀▀▀▀▀▀▀▀▀▀▀▀▀▀▀▀▀▀▀▀▀▀▀▀▀▀▀▀▀▀▀▀▀▀▀▀▀▀▀▀▀▀▀▀▀▀▀▀▀▀
