---
source: crates/tui/src/view_tests.rs
expression: screen(&app)
---


                  ▄▄▄▄▄▄▄▄▄▄▄▄▄▄▄▄▄▄▄▄▄▄▄▄▄▄▄▄▄▄▄▄▄▄▄▄▄▄▄▄▄▄
                   wwwwwwwwwwwwwwwwwwwwwwwwwwwwwwwwwwwwwww ▐
                   wwwwwwwwwwwwwwwwwwwwwwwwwwwwwwwwwwwwwww ▐
                   wwwwwwwwwwwwwwwwwwwwwwwwwwwwwwwwwwwwwww ▐
                   wwwwwwwwwwwwwwwwwwwwwwwwwwwwwwwww       ▐
                  ▀▀▀▀▀▀▀▀▀▀▀▀▀▀▀▀▀▀▀▀▀▀▀▀▀▀▀▀▀▀▀▀▀▀▀▀▀▀▀▀▀▀
                                                       00:00
▄▄▄▄▄▄▄▄▄▄▄▄▄▄▄▄▄▄▄▄▄▄▄▄▄▄▄▄▄▄▄▄▄▄▄▄▄▄▄▄▄▄▄▄▄▄▄▄▄▄▄▄▄▄▄▄▄▄▄▄
>
▀▀▀▀▀▀▀▀▀▀▀▀▀▀▀▀▀▀▀▀▀▀▀▀▀▀▀▀▀▀▀▀▀▀▀▀▀▀▀▀▀▀▀▀▀▀▀▀▀▀▀▀▀▀▀▀▀▀▀▀
