---
source: crates/tui/src/home_view_tests.rs
assertion_line: 439
expression: "screen(&app, 80, 24)"
---



                     ▀▄ █▀▀▀▀ ▀▀█▀▀ █▀▀█  █▀▀▀▀ █▀▀▀▄
                    ▄▄▄▄▄▄▄▄▄▄▄▄▄▄▄▄▄▄▄▄▄▄▄▄▄▄▄▄▄▄▄▄▄▄▄▄▄▄▄▄

                      Workspaces

▄▄▄▄▄▄▄▄▄▄▄▄▄▄▄▄▄▄▄▄    /repo1                              ▄▄▄▄▄▄▄▄▄▄▄▄▄▄▄▄▄▄▄▄
› █? for shortcuts      /repo2
                        /repo3
                        /repo4
[w]  [no model]  [th    /repo5
▀▀▀▀▀▀▀▀▀▀▀▀▀▀▀▀▀▀▀▀    /repo6                              ▀▀▀▀▀▀▀▀▀▀▀▀▀▀▀▀▀▀▀▀
●  fix the parser       /repo7                                                 ✕
●  fix the parser     › /repo8                                                 ✕
●  fix the parser                                                              ✕
●  fix the parser     ↑↓ move · enter open · esc closes                        ✕
●  fix the parser                                                              ✕
●  fix the parser   ▀▀▀▀▀▀▀▀▀▀▀▀▀▀▀▀▀▀▀▀▀▀▀▀▀▀▀▀▀▀▀▀▀▀▀▀▀▀▀▀                   ✕
●  fix the parser                                                              ✕
●  fix the parser                                                              ✕
●  fix the parser                                                              ✕
          ↓ chips and sessions · F1 the key map · Ctrl+C twice to quit
