---
source: crates/tui/src/model_picker_view_tests.rs
expression: "screen(&app, 80, 24)"
---

Models                                                                         ✕
↻ refresh


















No models. Install a provider: fiber extension install <name>.
↑↓ move · ←→ level · PageUp PageDown page · Tab scope · Ctrl+R refresh · Esc clo
>
