---
source: crates/tui/src/home_view_tests.rs
assertion_line: 1060
expression: "screen(&app, 80, 24)"
---



                     ▀▄ █▀▀▀▀ ▀▀█▀▀ █▀▀█  █▀▀▀▀ █▀▀▀▄
                     ▀▄ █▄▄▄    █   █▀▀█  ████  █▄▄▄▀
                ▄▄▄▄▄▄▄▄▄▄▄▄▄▄▄▄▄▄▄▄▄▄▄▄▄▄▄▄▄▄▄▄▄▄▄▄▄▄▄▄▄▄▄▄▄▄▄▄

                  Quit                                       ✕
▄▄▄▄▄▄▄▄▄▄▄▄▄▄▄▄                                                ▄▄▄▄▄▄▄▄▄▄▄▄▄▄▄▄
› █? for shortcu  1 session working

                  › enter  leave them running
[w]  [no model]     c      close all
▀▀▀▀▀▀▀▀▀▀▀▀▀▀▀▀    esc    stay                                 ▀▀▀▀▀▀▀▀▀▀▀▀▀▀▀▀
●  fix the parse                                                               ✕
✓  tidy docs      click a choice · they keep running meanwhile                 ✕

                ▀▀▀▀▀▀▀▀▀▀▀▀▀▀▀▀▀▀▀▀▀▀▀▀▀▀▀▀▀▀▀▀▀▀▀▀▀▀▀▀▀▀▀▀▀▀▀▀





           ↓ the session list · F1 the key map · Ctrl+C twice to quit
