---
source: crates/tui/src/skills_view_tests.rs
assertion_line: 794
expression: "text.join(\"\\n\")"
---
Skill tdd                                                                      ✕
shadows /home/skills/tdd/SKILL.md

Test first, then write the test.
A second paragraph.


















↑↓ scroll · Ctrl+G open the file · Esc back
