---
source: crates/tui/src/model_picker_view_tests.rs
expression: "screen(&app, 80, 24)"
---
Models                                                                         ✕
↻ refresh  scoped_models: 2 of 4 · Tab shows all
acme
m1 · deep, review   low [high]
zeta
z2 · chat   low [high]

















↑↓ move · ←→ level · PageUp PageDown page · Tab scope · Ctrl+R refresh · Esc clo
