---
source: crates/tui/src/home_view_tests.rs
assertion_line: 112
expression: "screen(&app, 80, 24)"
---
/home  Goes home.  command
/new  Goes home with the cursor in the input box.  command
/resume  Opens home at the session list.  command
/tools  Opens the tools view.  command▀█  █▀▀▀▀ █▀▀▀▄
/panel  Shows or hides the panel.  command████  █▄▄▄▀
/settings  Opens the configuration keys.  command ▀▄
/handoff [instructions]  Starts a handoff.  command █ 0.0.1
/name <text>  Names the session.  command
▄▄▄▄▄▄▄▄▄▄▄▄▄▄▄▄▄▄▄▄▄▄▄▄▄▄▄▄▄▄▄▄▄▄▄▄▄▄▄▄▄▄▄▄▄▄▄▄▄▄▄▄▄▄▄▄▄▄▄▄▄▄▄▄▄▄▄▄▄▄▄▄▄▄▄▄▄▄▄▄
> /


[w]  [no model]  [thinking: default]  enter starts a session
▀▀▀▀▀▀▀▀▀▀▀▀▀▀▀▀▀▀▀▀▀▀▀▀▀▀▀▀▀▀▀▀▀▀▀▀▀▀▀▀▀▀▀▀▀▀▀▀▀▀▀▀▀▀▀▀▀▀▀▀▀▀▀▀▀▀▀▀▀▀▀▀▀▀▀▀▀▀▀▀









           ↓ the session list · F1 the key map · Ctrl+C twice to quit
