---
source: crates/tui/src/home_view_tests.rs
expression: "screen(&app, 80, 24)"
---
                                                No API key for test/model in   ✕
                                                this workspace. Run `fiber
                                                login` and press Enter  … more
                     ▀▄ █▀▀▀▀ ▀▀█▀▀ █▀▀█  █▀▀▀▀ █▀▀▀▄
                     ▀▄ █▄▄▄    █   █▀▀█  ████  █▄▄▄▀
                     ▀▄ █       █   ████  █▀▀▀▀ █ ▀▄
                     ▀▄ █     ▄▄█▄▄ █▀▀█  █▄▄▄▄ █   █ 0.0.1

No API key for test/model in this workspace. Run `fiber login` and press Enter
to try again, or pick another model.
A second line stays short.
▄▄▄▄▄▄▄▄▄▄▄▄▄▄▄▄▄▄▄▄▄▄▄▄▄▄▄▄▄▄▄▄▄▄▄▄▄▄▄▄▄▄▄▄▄▄▄▄▄▄▄▄▄▄▄▄▄▄▄▄▄▄▄▄▄▄▄▄▄▄▄▄▄▄▄▄▄▄▄▄
> hi


[w]  [no model]  [thinking: default]  enter starts a session
▀▀▀▀▀▀▀▀▀▀▀▀▀▀▀▀▀▀▀▀▀▀▀▀▀▀▀▀▀▀▀▀▀▀▀▀▀▀▀▀▀▀▀▀▀▀▀▀▀▀▀▀▀▀▀▀▀▀▀▀▀▀▀▀▀▀▀▀▀▀▀▀▀▀▀▀▀▀▀▀






           ↓ the session list · F1 the key map · Ctrl+C twice to quit
