---
source: crates/tui/src/model_picker_view_tests.rs
expression: "screen(&app, 80, 24)"
---

Models · switching rebuilds the cache: about 201,034 tokens                    ✕
↻ refresh
acme
m1 · deep, review   low [high]
m2
zeta
z1   [low]
z2 · chat   low [high]











Enter set as default · s this session only · ↑↓ move · ←→ level · PageUp PageDow
▄▄▄▄▄▄▄▄▄▄▄▄▄▄▄▄▄▄▄▄▄▄▄▄▄▄▄▄▄▄▄▄▄▄▄▄▄▄▄▄▄▄▄▄▄▄▄▄▄▄▄▄▄▄▄▄▄▄▄▄▄▄▄▄▄▄▄▄▄▄▄▄▄▄▄▄▄▄▄▄
▌ >
▀▀▀▀▀▀▀▀▀▀▀▀▀▀▀▀▀▀▀▀▀▀▀▀▀▀▀▀▀▀▀▀▀▀▀▀▀▀▀▀▀▀▀▀▀▀▀▀▀▀▀▀▀▀▀▀▀▀▀▀▀▀▀▀▀▀▀▀▀▀▀▀▀▀▀▀▀▀▀▀
