---
source: crates/tui/src/model_picker_view_tests.rs
assertion_line: 163
expression: "screen(&app, 80, 24)"
---
Models · switching rebuilds the cache: about 201,034 tokens                    ✕
Type to search █
↻ refresh
acme
m1 · deep, review   low [high]
m2
zeta
z1   [low]
z2 · chat   low [high]











↑↓ move · ←→ levels · enter choose · tab all · ctrl+s session · ctrl+r refresh ·
▄▄▄▄▄▄▄▄▄▄▄▄▄▄▄▄▄▄▄▄▄▄▄▄▄▄▄▄▄▄▄▄▄▄▄▄▄▄▄▄▄▄▄▄▄▄▄▄▄▄▄▄▄▄▄▄▄▄▄▄▄▄▄▄▄▄▄▄▄▄▄▄▄▄▄▄▄▄▄▄
▌ ›
▀▀▀▀▀▀▀▀▀▀▀▀▀▀▀▀▀▀▀▀▀▀▀▀▀▀▀▀▀▀▀▀▀▀▀▀▀▀▀▀▀▀▀▀▀▀▀▀▀▀▀▀▀▀▀▀▀▀▀▀▀▀▀▀▀▀▀▀▀▀▀▀▀▀▀▀▀▀▀▀
