---
source: crates/tui/src/view_tests.rs
expression: screen(&app)
---







                   wwwwwwwwwwwwwwwwwwwwwwwwwwwwwwwwwwwwwwww
                   wwwwwwwwwwwwwwwwwwwwwwwwwwwwwwwwwwwwwwww
                   wwwwwwwwwwwwwwwwwwwwwwwwwwwwwwwwwwwwwwww
                   wwwwwwwwwwwwwwwwwwwwwwwwwwwwww
>
