---
source: crates/tui/src/home_view_tests.rs
expression: "screen(&app, 80, 24)"
---



                     ▀▄ █▀▀▀▀ ▀▀█▀▀ █▀▀█  █▀▀▀▀ █▀▀▀▄
                     ▀▄ █▄▄▄    █   █▀▀█  ████  █▄▄▄▀
                     ▀▄ █       █   ████  █▀▀▀▀ █ ▀▄
                     ▀▄ █     ▄▄█▄▄ █▀▀█  █▄▄▄▄ █   █ 0.0.1

▄▄▄▄▄▄▄▄▄▄▄▄▄▄▄▄▄▄▄▄▄▄▄▄▄▄▄▄▄▄▄▄▄▄▄▄▄▄▄▄▄▄▄▄▄▄▄▄▄▄▄▄▄▄▄▄▄▄▄▄▄▄▄▄▄▄▄▄▄▄▄▄▄▄▄▄▄▄▄▄
› █? for shortcuts


[w]  [no model]  [thinking: default]  Enter starts a session
▀▀▀▀▀▀▀▀▀▀▀▀▀▀▀▀▀▀▀▀▀▀▀▀▀▀▀▀▀▀▀▀▀▀▀▀▀▀▀▀▀▀▀▀▀▀▀▀▀▀▀▀▀▀▀▀▀▀▀▀▀▀▀▀▀▀▀▀▀▀▀▀▀▀▀▀▀▀▀▀
Delete fix the parser (s_aaaaaaaaaaaaaaaa)? It cannot be undone · enter delete ·
esc keep
○  fix the parser                                                              ✕






          ↓ chips and sessions · F1 the key map · Ctrl+C twice to quit
