---
source: crates/tui/src/turn/answers_tests.rs
expression: "crate::view::text(&buf)"
---







                                                       pick
                                                       00:00
• 1 other call · 4s
you answered
Base: main (Recommended), dev, "and tags"
Name: skipped
note: "by friday"
Thanks.
>
