---
source: crates/tui/src/view/marks_tests.rs
expression: "marked(&app, 40, 12)"
---
                find: brown fox · 1 of 1






xxxxxxxxxxxxxxxxxxxxxxxxxxxxxxxxx brown
fox jumps
▄▄▄▄▄▄▄▄▄▄▄▄▄▄▄▄▄▄▄▄▄▄▄▄▄▄▄▄▄▄▄▄▄▄▄▄▄▄▄▄
>
▀▀▀▀▀▀▀▀▀▀▀▀▀▀▀▀▀▀▀▀▀▀▀▀▀▀▀▀▀▀▀▀▀▀▀▀▀▀▀▀

---
........................................
........................................
........................................
........................................
........................................
........................................
........................................
..................................ccccc.
ccc.....................................
........................................
........................................
........................................
