---
source: crates/tui/src/view/item_tests.rs
assertion_line: 809
expression: "rows.join(\"\\n\")"
---
fix the parser
fix the parser › ◆ task j_1                                                    ✕
● running · harness claude · model other/model · — · 0s · session s_ddd · ■ stop
Output since this terminal attached · /tmp/other.out













● claude  other/model
  task j_1
▄▄▄▄▄▄▄▄▄▄▄▄▄▄▄▄▄▄▄▄▄▄▄▄▄▄▄▄▄▄▄▄▄▄▄▄▄▄▄▄▄▄▄▄▄▄▄▄▄▄▄▄▄▄▄▄▄▄▄▄▄▄▄▄▄▄▄▄▄▄▄▄▄▄▄▄▄▄▄▄
>
▀▀▀▀▀▀▀▀▀▀▀▀▀▀▀▀▀▀▀▀▀▀▀▀▀▀▀▀▀▀▀▀▀▀▀▀▀▀▀▀▀▀▀▀▀▀▀▀▀▀▀▀▀▀▀▀▀▀▀▀▀▀▀▀▀▀▀▀▀▀▀▀▀▀▀▀▀▀▀▀
$0.00
1 delegate running
