---
source: crates/tui/src/view/chrome_tests.rs
expression: text(&buf)
---
fix the parser


















                                                                                                                              ⋮
                                                                                                                              ⋮
                                                                                                                              ⋮















                                                                                                                        hello
                                                                                                                         00:00
>
