---
source: crates/tui/src/view/rail_motion_tests.rs
expression: text(&rail(&app))
---
  w                  $0.00 +
▄▄▄▄▄▄▄▄▄▄▄▄▄▄▄▄▄▄▄▄▄▄▄▄▄▄▄▄▄
▌ 1 ⠋ WORKING             0s
▌ work
▌
▌ $0.00
▀▀▀▀▀▀▀▀▀▀▀▀▀▀▀▀▀▀▀▀▀▀▀▀▀▀▀▀▀
▄▄▄▄▄▄▄▄▄▄▄▄▄▄▄▄▄▄▄▄▄▄▄▄▄▄▄▄▄
▌ 2 ✓ READY               0s
▌ work
▌
▌ $0.00
▀▀▀▀▀▀▀▀▀▀▀▀▀▀▀▀▀▀▀▀▀▀▀▀▀▀▀▀▀
