---
source: crates/tui/src/view/quit_tests.rs
assertion_line: 114
expression: "screen(&app, 80, 24)"
---



                     ▀▄ █▀▀▀▀ ▀▀█▀▀ █▀▀█  █▀▀▀▀ █▀▀▀▄
                     ▀▄ █▄▄▄    █   █▀▀█  ████  █▄▄▄▀
                ▄▄▄▄▄▄▄▄▄▄▄▄▄▄▄▄▄▄▄▄▄▄▄▄▄▄▄▄▄▄▄▄▄▄▄▄▄▄▄▄▄▄▄▄▄▄▄▄

                  Quit                                       ✕
▄▄▄▄▄▄▄▄▄▄▄▄▄▄▄▄                                                ▄▄▄▄▄▄▄▄▄▄▄▄▄▄▄▄
› █? for shortcu  2 sessions working

                  › Enter  leave them running
[w]  [no model]     c      close all
▀▀▀▀▀▀▀▀▀▀▀▀▀▀▀▀    Esc    stay                                 ▀▀▀▀▀▀▀▀▀▀▀▀▀▀▀▀
●  fix the parse                                                               ✕
●  fix the parse  click a choice · they keep running meanwhile                 ✕

                ▀▀▀▀▀▀▀▀▀▀▀▀▀▀▀▀▀▀▀▀▀▀▀▀▀▀▀▀▀▀▀▀▀▀▀▀▀▀▀▀▀▀▀▀▀▀▀▀





          ↓ chips and sessions · F1 the key map · Ctrl+C twice to quit
