---
source: crates/tui/src/view/marks_tests.rs
assertion_line: 194
expression: "hover_shown(&app, 60, 10, at)"
---








docs tail
>

---
............................................................
............................................................
............................................................
............................................................
............................................................
............................................................
............................................................
............................................................
####........................................................
............................................................
