---
source: crates/tui/src/view/marks_tests.rs
expression: "shown(&app, 40, 12)"
---
paragraph 19                      Copied

paragraph 20

paragraph 21

paragraph 22

paragraph 23

          ↓ New messages below
>

---
########################################
########################################
########################################
########################################
########################################
########################################
########################################
########################################
########################################
########################################
........................................
........................................
