---
source: crates/tui/src/view/banner_tests.rs
expression: "screen(&app, 60)"
---
                                    Connection lost.       ✕

                                                      ▄▄▄▄▄
                                                       hi ▐
                                                      ▀▀▀▀▀
                                                      00:00
Connection lost · reconnecting (attempt 1)…
▌ ↳ use the parser                                         ✕
▌ ↳ and test it                                            ✕
▄▄▄▄▄▄▄▄▄▄▄▄▄▄▄▄▄▄▄▄▄▄▄▄▄▄▄▄▄▄▄▄▄▄▄▄▄▄▄▄▄▄▄▄▄▄▄▄▄▄▄▄▄▄▄▄▄▄▄▄
>
▀▀▀▀▀▀▀▀▀▀▀▀▀▀▀▀▀▀▀▀▀▀▀▀▀▀▀▀▀▀▀▀▀▀▀▀▀▀▀▀▀▀▀▀▀▀▀▀▀▀▀▀▀▀▀▀▀▀▀▀
